<?xml version="1.0" encoding="utf-8"?><testsuites name="pytest tests"><testsuite name="pytest" errors="0" failures="0" skipped="0" tests="1" time="0.263" timestamp="2026-01-13T17:13:33.411537+08:00" hostname="fedora"><testcase classname="tests.e2e_blackbox.test_adb_sms_injection" name="test_e2e_sms_to_webhook" time="0.249" /></testsuite></testsuites>